python : C:\Users\hm
ahm\AppData\Local\Pa
ckages\PythonSoftwar
eFoundation.Python.3
.12_qbz5n2kfra8p0\Lo
calCache\local-packa
ges\Python312\site-p
ackages\pydantic\_in
ternal\_config.py:34
5: UserWarning: 
Valid config keys 
have changed in V2:
At line:1 char:1
+ python -c "from 
app import app" 2> 
error_log.txt
+ ~~~~~~~~~~~~~~~~~~
~~~~~~~~~~~~~~~~~~~~
~~~~~~~~~~
    + CategoryInfo  
            : NotS  
  pecified: (C:\U   
 sers\hmahm\...     
changed in V2::    
String) [], Rem    
oteException
    + FullyQualifie 
   dErrorId : Nati  
  veCommandError
 
* 'orm_mode' has 
been renamed to 
'from_attributes'
  warnings.warn(mess
age, UserWarning)
Traceback (most 
recent call last):
  File "C:\Users\hma
hm\OneDrive\Desktop\
LFSD Codebase\LFSD\b
ackend\app.py", 
line 252, in 
create_app
    from routes 
import 
api_routes_auth
  File "C:\Users\hma
hm\OneDrive\Desktop\
LFSD Codebase\LFSD\b
ackend\routes\api_ro
utes_auth.py", line 
11, in <module>
    from 
core.config import 
settings
ImportError: cannot 
import name 
'settings' from 
'core.config' (C:\Us
ers\hmahm\OneDrive\D
esktop\LFSD Codebase
\LFSD\backend\core\c
onfig.py)
Traceback (most 
recent call last):
  File "<string>", 
line 1, in <module>
  File "C:\Users\hma
hm\OneDrive\Desktop\
LFSD Codebase\LFSD\b
ackend\app.py", 
line 500, in 
<module>
    app = 
create_app()
          
^^^^^^^^^^^^
  File "C:\Users\hma
hm\OneDrive\Desktop\
LFSD Codebase\LFSD\b
ackend\app.py", 
line 258, in 
create_app
    raise e
  File "C:\Users\hma
hm\OneDrive\Desktop\
LFSD Codebase\LFSD\b
ackend\app.py", 
line 252, in 
create_app
    from routes 
import 
api_routes_auth
  File "C:\Users\hma
hm\OneDrive\Desktop\
LFSD Codebase\LFSD\b
ackend\routes\api_ro
utes_auth.py", line 
11, in <module>
    from 
core.config import 
settings
ImportError: cannot 
import name 
'settings' from 
'core.config' (C:\Us
ers\hmahm\OneDrive\D
esktop\LFSD Codebase
\LFSD\backend\core\c
onfig.py). Did you 
mean: 'Settings'?
